  ok  j=default rc=1e-12   cons=1e-4     194.1s  G1=True worst=7.037993176214904e-07 svd={'158': {'calls': 23, 'rank_min': 158, 'rank_max': 158, 'full': True}, '12': {'calls': 1, 'rank_min': 12, 'rank_max': 12, 'full': True}} 
  ok  j=default rc=1e-12   cons=1e-4     197.7s  G1=True worst=1.3420279421996765e-05 svd={'158': {'calls': 10, 'rank_min': 158, 'rank_max': 158, 'full': True}, '230': {'calls': 9, 'rank_min': 230, 'rank_max': 230, 'full': True}, '12': {'calls': 1, 'rank_min': 12, 'rank_max': 12, 'full': True}} 
  ok  j=default rc=1e-12   cons=1e-4     245.0s  G1=True worst=1.780379889828904e-05 svd={'158': {'calls': 12, 'rank_min': 158, 'rank_max': 158, 'full': True}, '230': {'calls': 31, 'rank_min': 230, 'rank_max': 230, 'full': True}, '12': {'calls': 1, 'rank_min': 12, 'rank_max': 12, 'full': True}} 
  ok  j=default rc=1e-12   cons=1e-4     125.7s  G1=True worst=1.7442912730844587e-06 svd={'14': {'calls': 7, 'rank_min': 14, 'rank_max': 14, 'full': True}, '1': {'calls': 1, 'rank_min': 1, 'rank_max': 1, 'full': True}} 
  ok  j=default rc=1e-12   cons=1e-4       2.8s  G1=True worst=1.171838319641191e-06 svd={'86': {'calls': 5, 'rank_min': 86, 'rank_max': 86, 'full': True}, '7': {'calls': 9, 'rank_min': 7, 'rank_max': 7, 'full': True}, '1': {'calls': 23, 'rank_min': 1, 'rank_max': 1, 'full': True}} 
  ok  j=default rc=1e-12   cons=1e-4     168.6s  G1=True worst=1.1237020072320758e-05 svd={'158': {'calls': 17, 'rank_min': 158, 'rank_max': 158, 'full': True}, '12': {'calls': 1, 'rank_min': 12, 'rank_max': 12, 'full': True}} 
  ok  j=default rc=1e-12   cons=1e-4     164.0s  G1=True worst=1.0336192093560425e-06 svd={'158': {'calls': 8, 'rank_min': 158, 'rank_max': 158, 'full': True}, '230': {'calls': 7, 'rank_min': 230, 'rank_max': 230, 'full': True}, '12': {'calls': 1, 'rank_min': 12, 'rank_max': 12, 'full': True}} 
  ok  j=default rc=1e-12   cons=1e-4      61.0s  G1=True worst=3.8546240771903834e-07 svd={'158': {'calls': 1010, 'rank_min': 158, 'rank_max': 158, 'full': True}} 
  ok  j=default rc=1e-12   cons=1e-4     163.4s  G1=True worst=3.8587523810404883e-07 svd={'158': {'calls': 15, 'rank_min': 158, 'rank_max': 158, 'full': True}, '12': {'calls': 1, 'rank_min': 12, 'rank_max': 12, 'full': True}} 
  ok  j=default rc=1e-12   cons=1e-4     132.0s  G1=True worst=2.4547810915068776e-07 svd={'14': {'calls': 7, 'rank_min': 14, 'rank_max': 14, 'full': True}, '1': {'calls': 1, 'rank_min': 1, 'rank_max': 1, 'full': True}} 
  ok  j=default rc=1e-12   cons=1e-4       2.7s  G1=False worst=0.0004618484715663721 svd={'86': {'calls': 5, 'rank_min': 86, 'rank_max': 86, 'full': True}, '7': {'calls': 9, 'rank_min': 7, 'rank_max': 7, 'full': True}, '1': {'calls': 23, 'rank_min': 1, 'rank_max': 1, 'full': True}} 
  ok  j=default rc=1e-12   cons=1e-4     122.4s  G1=True worst=2.454767050613866e-07 svd={'14': {'calls': 5, 'rank_min': 14, 'rank_max': 14, 'full': True}, '12': {'calls': 1, 'rank_min': 12, 'rank_max': 12, 'full': True}} 
  ok  j=default rc=1e-12   cons=1e-4      53.5s  G1=False worst=0.0004102314610746749 svd={'158': {'calls': 1010, 'rank_min': 158, 'rank_max': 158, 'full': True}} 
  ok  j=default rc=1e-12   cons=1e-4     164.1s  G1=False worst=0.00046322263007605226 svd={'158': {'calls': 8, 'rank_min': 158, 'rank_max': 158, 'full': True}, '230': {'calls': 7, 'rank_min': 230, 'rank_max': 230, 'full': True}, '12': {'calls': 1, 'rank_min': 12, 'rank_max': 12, 'full': True}} 
  ok  j=default rc=1e-12   cons=1e-4     162.8s  G1=False worst=0.0004101077394604217 svd={'158': {'calls': 15, 'rank_min': 158, 'rank_max': 158, 'full': True}, '12': {'calls': 1, 'rank_min': 12, 'rank_max': 12, 'full': True}} 
  ok  j=default rc=1e-12   cons=1e-4     130.9s  G1=False worst=0.00032780824166125385 svd={'14': {'calls': 7, 'rank_min': 14, 'rank_max': 14, 'full': True}, '1': {'calls': 1, 'rank_min': 1, 'rank_max': 1, 'full': True}} 
  ok  j=default rc=1e-12   cons=1e-4       3.0s  G1=True worst=1.083692565824431e-05 svd={'86': {'calls': 5, 'rank_min': 86, 'rank_max': 86, 'full': True}, '7': {'calls': 9, 'rank_min': 7, 'rank_max': 7, 'full': True}, '1': {'calls': 23, 'rank_min': 1, 'rank_max': 1, 'full': True}} 
  ok  j=default rc=1e-12   cons=1e-4     100.3s  G1=False worst=0.00032768288990255674 svd={'14': {'calls': 5, 'rank_min': 14, 'rank_max': 14, 'full': True}, '12': {'calls': 1, 'rank_min': 12, 'rank_max': 12, 'full': True}} 
  ok  j=default rc=1e-12   cons=1e-4      55.7s  G1=True worst=1.0593577759631866e-06 svd={'158': {'calls': 1014, 'rank_min': 158, 'rank_max': 158, 'full': True}} 
  ok  j=default rc=1e-12   cons=1e-4     182.1s  G1=True worst=4.638149466510519e-06 svd={'158': {'calls': 12, 'rank_min': 158, 'rank_max': 158, 'full': True}, '230': {'calls': 9, 'rank_min': 230, 'rank_max': 230, 'full': True}, '12': {'calls': 1, 'rank_min': 12, 'rank_max': 12, 'full': True}} 
  ok  j=default rc=1e-12   cons=1e-4     168.0s  G1=True worst=1.0520275671123365e-06 svd={'158': {'calls': 19, 'rank_min': 158, 'rank_max': 158, 'full': True}, '12': {'calls': 1, 'rank_min': 12, 'rank_max': 12, 'full': True}} 
  ok  j=default rc=1e-12   cons=1e-4     145.9s  G1=True worst=2.6491183939592317e-07 svd={'14': {'calls': 7, 'rank_min': 14, 'rank_max': 14, 'full': True}, '1': {'calls': 1, 'rank_min': 1, 'rank_max': 1, 'full': True}} 
  ok  j=default rc=1e-12   cons=1e-4       2.6s  G1=True worst=9.391818949837632e-06 svd={'86': {'calls': 5, 'rank_min': 86, 'rank_max': 86, 'full': True}, '7': {'calls': 9, 'rank_min': 7, 'rank_max': 7, 'full': True}, '1': {'calls': 23, 'rank_min': 1, 'rank_max': 1, 'full': True}} 
  ok  j=default rc=1e-12   cons=1e-4      94.6s  G1=True worst=2.649062948336178e-07 svd={'14': {'calls': 5, 'rank_min': 14, 'rank_max': 14, 'full': True}, '12': {'calls': 1, 'rank_min': 12, 'rank_max': 12, 'full': True}} 
  ok  j=default rc=1e-12   cons=1e-4      61.2s  G1=True worst=1.3030964347776457e-05 svd={'158': {'calls': 1012, 'rank_min': 158, 'rank_max': 158, 'full': True}} 
  ok  j=default rc=1e-12   cons=1e-4     164.9s  G1=True worst=8.535371098376897e-06 svd={'158': {'calls': 10, 'rank_min': 158, 'rank_max': 158, 'full': True}, '230': {'calls': 9, 'rank_min': 230, 'rank_max': 230, 'full': True}, '12': {'calls': 1, 'rank_min': 12, 'rank_max': 12, 'full': True}} 
  ok  j=default rc=1e-12   cons=1e-4     166.0s  G1=True worst=1.2990998964118902e-05 svd={'158': {'calls': 17, 'rank_min': 158, 'rank_max': 158, 'full': True}, '12': {'calls': 1, 'rank_min': 12, 'rank_max': 12, 'full': True}} 
  ok  j=default rc=1e-12   cons=1e-4     138.5s  G1=True worst=1.7552983991852541e-06 svd={'14': {'calls': 7, 'rank_min': 14, 'rank_max': 14, 'full': True}, '1': {'calls': 1, 'rank_min': 1, 'rank_max': 1, 'full': True}} 
  ok  j=default rc=1e-12   cons=1e-4     115.6s  G1=True worst=1.7453300865272686e-06 svd={'14': {'calls': 5, 'rank_min': 14, 'rank_max': 14, 'full': True}, '12': {'calls': 1, 'rank_min': 12, 'rank_max': 12, 'full': True}} 
  ok  j=default rc=1e-12   cons=1e-4       2.4s  G1=True worst=7.631648025824692e-07 svd={'86': {'calls': 5, 'rank_min': 86, 'rank_max': 86, 'full': True}, '7': {'calls': 9, 'rank_min': 7, 'rank_max': 7, 'full': True}, '1': {'calls': 23, 'rank_min': 1, 'rank_max': 1, 'full': True}} 
  ok  j=default rc=1e-12   cons=1e-4      57.8s  G1=True worst=4.3971774201680597e-07 svd={'158': {'calls': 1010, 'rank_min': 158, 'rank_max': 158, 'full': True}} 
  ok  j=default rc=1e-12   cons=1e-4     164.5s  G1=True worst=2.301865148757386e-07 svd={'158': {'calls': 8, 'rank_min': 158, 'rank_max': 158, 'full': True}, '230': {'calls': 7, 'rank_min': 230, 'rank_max': 230, 'full': True}, '12': {'calls': 1, 'rank_min': 12, 'rank_max': 12, 'full': True}} 
  ok  j=default rc=1e-12   cons=1e-4     161.5s  G1=True worst=4.399409383308333e-07 svd={'158': {'calls': 15, 'rank_min': 158, 'rank_max': 158, 'full': True}, '12': {'calls': 1, 'rank_min': 12, 'rank_max': 12, 'full': True}} 
  ok  j=default rc=1e-12   cons=1e-4     132.0s  G1=True worst=2.635135726414952e-07 svd={'14': {'calls': 7, 'rank_min': 14, 'rank_max': 14, 'full': True}, '1': {'calls': 1, 'rank_min': 1, 'rank_max': 1, 'full': True}} 
  ok  j=default rc=1e-12   cons=1e-4       2.9s  G1=False worst=0.0003434978945140155 svd={'86': {'calls': 5, 'rank_min': 86, 'rank_max': 86, 'full': True}, '7': {'calls': 9, 'rank_min': 7, 'rank_max': 7, 'full': True}, '1': {'calls': 23, 'rank_min': 1, 'rank_max': 1, 'full': True}} 
  ok  j=default rc=1e-12   cons=1e-4     110.4s  G1=True worst=2.635080465336363e-07 svd={'14': {'calls': 5, 'rank_min': 14, 'rank_max': 14, 'full': True}, '12': {'calls': 1, 'rank_min': 12, 'rank_max': 12, 'full': True}} 
  ok  j=default rc=1e-12   cons=1e-4      57.5s  G1=False worst=0.0002581000241106417 svd={'158': {'calls': 1010, 'rank_min': 158, 'rank_max': 158, 'full': True}} 
  ok  j=default rc=1e-12   cons=1e-4     172.1s  G1=False worst=0.0003450928180515695 svd={'158': {'calls': 8, 'rank_min': 158, 'rank_max': 158, 'full': True}, '230': {'calls': 7, 'rank_min': 230, 'rank_max': 230, 'full': True}, '12': {'calls': 1, 'rank_min': 12, 'rank_max': 12, 'full': True}} 
  ok  j=default rc=1e-12   cons=1e-4     164.6s  G1=False worst=0.00025799876085229025 svd={'158': {'calls': 15, 'rank_min': 158, 'rank_max': 158, 'full': True}, '12': {'calls': 1, 'rank_min': 12, 'rank_max': 12, 'full': True}} 
  ok  j=default rc=1e-12   cons=1e-4     148.1s  G1=False worst=0.00024263850813331173 svd={'14': {'calls': 7, 'rank_min': 14, 'rank_max': 14, 'full': True}, '1': {'calls': 1, 'rank_min': 1, 'rank_max': 1, 'full': True}} 
  ok  j=default rc=1e-12   cons=1e-4       2.7s  G1=True worst=9.273936716917744e-06 svd={'86': {'calls': 5, 'rank_min': 86, 'rank_max': 86, 'full': True}, '7': {'calls': 9, 'rank_min': 7, 'rank_max': 7, 'full': True}, '1': {'calls': 23, 'rank_min': 1, 'rank_max': 1, 'full': True}} 
  ok  j=default rc=1e-12   cons=1e-4      95.2s  G1=False worst=0.00024267646100879794 svd={'14': {'calls': 5, 'rank_min': 14, 'rank_max': 14, 'full': True}, '12': {'calls': 1, 'rank_min': 12, 'rank_max': 12, 'full': True}} 
  ok  j=default rc=1e-12   cons=1e-4      59.0s  G1=True worst=8.422837320888943e-07 svd={'158': {'calls': 1014, 'rank_min': 158, 'rank_max': 158, 'full': True}} 
  ok  j=default rc=1e-12   cons=1e-4     181.5s  G1=True worst=1.7269884935731142e-05 svd={'158': {'calls': 12, 'rank_min': 158, 'rank_max': 158, 'full': True}, '230': {'calls': 15, 'rank_min': 230, 'rank_max': 230, 'full': True}, '12': {'calls': 1, 'rank_min': 12, 'rank_max': 12, 'full': True}} 
  ok  j=default rc=1e-12   cons=1e-4     168.0s  G1=True worst=8.359003282613492e-07 svd={'158': {'calls': 23, 'rank_min': 158, 'rank_max': 158, 'full': True}, '12': {'calls': 1, 'rank_min': 12, 'rank_max': 12, 'full': True}} 
  ok  j=default rc=1e-12   cons=1e-4     142.6s  G1=True worst=2.792543238907825e-07 svd={'14': {'calls': 7, 'rank_min': 14, 'rank_max': 14, 'full': True}, '1': {'calls': 1, 'rank_min': 1, 'rank_max': 1, 'full': True}} 
  ok  j=default rc=1e-12   cons=1e-4       3.4s  G1=True worst=1.1424576791185141e-05 svd={'86': {'calls': 5, 'rank_min': 86, 'rank_max': 86, 'full': True}, '7': {'calls': 9, 'rank_min': 7, 'rank_max': 7, 'full': True}, '1': {'calls': 23, 'rank_min': 1, 'rank_max': 1, 'full': True}} 
  ok  j=default rc=1e-12   cons=1e-4     106.9s  G1=True worst=2.79252550434803e-07 svd={'14': {'calls': 5, 'rank_min': 14, 'rank_max': 14, 'full': True}, '12': {'calls': 1, 'rank_min': 12, 'rank_max': 12, 'full': True}} 
  ok  j=default rc=1e-12   cons=1e-4      53.6s  G1=True worst=1.2699031852044568e-05 svd={'158': {'calls': 1014, 'rank_min': 158, 'rank_max': 158, 'full': True}} 
  ok  j=default rc=1e-12   cons=1e-4     180.0s  G1=True worst=1.3620085361530385e-05 svd={'158': {'calls': 12, 'rank_min': 158, 'rank_max': 158, 'full': True}, '230': {'calls': 9, 'rank_min': 230, 'rank_max': 230, 'full': True}, '12': {'calls': 1, 'rank_min': 12, 'rank_max': 12, 'full': True}} 
  ok  j=default rc=1e-12   cons=1e-4     163.9s  G1=True worst=1.2673841264378501e-05 svd={'158': {'calls': 19, 'rank_min': 158, 'rank_max': 158, 'full': True}, '12': {'calls': 1, 'rank_min': 12, 'rank_max': 12, 'full': True}} 
  ok  j=default rc=1e-12   cons=1e-4     144.1s  G1=True worst=1.729664195993224e-06 svd={'14': {'calls': 7, 'rank_min': 14, 'rank_max': 14, 'full': True}, '1': {'calls': 1, 'rank_min': 1, 'rank_max': 1, 'full': True}} 
  ok  j=default rc=1e-12   cons=1e-4       2.8s  G1=True worst=1.172015067942311e-06 svd={'86': {'calls': 5, 'rank_min': 86, 'rank_max': 86, 'full': True}, '7': {'calls': 9, 'rank_min': 7, 'rank_max': 7, 'full': True}, '1': {'calls': 23, 'rank_min': 1, 'rank_max': 1, 'full': True}} 
  ok  j=default rc=1e-12   cons=1e-4      94.4s  G1=True worst=1.7554503625654662e-06 svd={'14': {'calls': 5, 'rank_min': 14, 'rank_max': 14, 'full': True}, '12': {'calls': 1, 'rank_min': 12, 'rank_max': 12, 'full': True}} 
  ok  j=default rc=1e-12   cons=1e-4      56.6s  G1=True worst=3.8911324189210714e-07 svd={'158': {'calls': 1010, 'rank_min': 158, 'rank_max': 158, 'full': True}} 
  ok  j=default rc=1e-12   cons=1e-4     172.4s  G1=True worst=1.0330774728995472e-06 svd={'158': {'calls': 8, 'rank_min': 158, 'rank_max': 158, 'full': True}, '230': {'calls': 7, 'rank_min': 230, 'rank_max': 230, 'full': True}, '12': {'calls': 1, 'rank_min': 12, 'rank_max': 12, 'full': True}} 
  ok  j=default rc=1e-12   cons=1e-4     164.0s  G1=True worst=3.8985320990842214e-07 svd={'158': {'calls': 15, 'rank_min': 158, 'rank_max': 158, 'full': True}, '12': {'calls': 1, 'rank_min': 12, 'rank_max': 12, 'full': True}} 
  ok  j=default rc=1e-12   cons=1e-4     140.3s  G1=True worst=2.221082822605172e-07 svd={'14': {'calls': 7, 'rank_min': 14, 'rank_max': 14, 'full': True}, '1': {'calls': 1, 'rank_min': 1, 'rank_max': 1, 'full': True}} 
  ok  j=default rc=1e-12   cons=1e-4       2.5s  G1=False worst=0.0007454989941275948 svd={'86': {'calls': 5, 'rank_min': 86, 'rank_max': 86, 'full': True}, '7': {'calls': 9, 'rank_min': 7, 'rank_max': 7, 'full': True}, '1': {'calls': 23, 'rank_min': 1, 'rank_max': 1, 'full': True}} 
  ok  j=default rc=1e-12   cons=1e-4     100.4s  G1=True worst=2.2210696732934563e-07 svd={'14': {'calls': 5, 'rank_min': 14, 'rank_max': 14, 'full': True}, '12': {'calls': 1, 'rank_min': 12, 'rank_max': 12, 'full': True}} 
  ok  j=default rc=1e-12   cons=1e-4      54.2s  G1=False worst=0.0007433835012390258 svd={'158': {'calls': 1010, 'rank_min': 158, 'rank_max': 158, 'full': True}} 
  ok  j=default rc=1e-12   cons=1e-4     168.1s  G1=False worst=0.0007460066650911776 svd={'158': {'calls': 8, 'rank_min': 158, 'rank_max': 158, 'full': True}, '230': {'calls': 7, 'rank_min': 230, 'rank_max': 230, 'full': True}, '12': {'calls': 1, 'rank_min': 12, 'rank_max': 12, 'full': True}} 
  ok  j=default rc=1e-12   cons=1e-4     159.7s  G1=False worst=0.0007433840771477195 svd={'158': {'calls': 15, 'rank_min': 158, 'rank_max': 158, 'full': True}, '12': {'calls': 1, 'rank_min': 12, 'rank_max': 12, 'full': True}} 
  ok  j=default rc=1e-12   cons=1e-4     145.3s  G1=False worst=0.0007442856724841059 svd={'14': {'calls': 7, 'rank_min': 14, 'rank_max': 14, 'full': True}, '1': {'calls': 1, 'rank_min': 1, 'rank_max': 1, 'full': True}} 
  ok  j=default rc=1e-12   cons=1e-4       2.6s  G1=True worst=1.7245198793353688e-05 svd={'86': {'calls': 5, 'rank_min': 86, 'rank_max': 86, 'full': True}, '7': {'calls': 9, 'rank_min': 7, 'rank_max': 7, 'full': True}, '1': {'calls': 23, 'rank_min': 1, 'rank_max': 1, 'full': True}} 
  ok  j=default rc=1e-12   cons=1e-4     101.6s  G1=False worst=0.0007442854969469691 svd={'14': {'calls': 5, 'rank_min': 14, 'rank_max': 14, 'full': True}, '12': {'calls': 1, 'rank_min': 12, 'rank_max': 12, 'full': True}} 
  ok  j=default rc=1e-12   cons=1e-4      52.9s  G1=True worst=2.138225921029208e-06 svd={'158': {'calls': 1014, 'rank_min': 158, 'rank_max': 158, 'full': True}} 
fail  j=default rc=1e-12   cons=1e-4     211.7s  G1=None worst=None svd={'158': {'calls': 12, 'rank_min': 158, 'rank_max': 158, 'full': True}, '230': {'calls': 8, 'rank_min': 230, 'rank_max': 230, 'full': True}} RuntimeError: small-closure nested VEGAS diagnostics failed: absolute 
  ok  j=default rc=1e-12   cons=1e-4     165.9s  G1=True worst=2.1275891712734125e-06 svd={'158': {'calls': 19, 'rank_min': 158, 'rank_max': 158, 'full': True}, '12': {'calls': 1, 'rank_min': 12, 'rank_max': 12, 'full': True}} 
  ok  j=default rc=1e-12   cons=1e-4     145.8s  G1=True worst=4.268359277177893e-07 svd={'14': {'calls': 7, 'rank_min': 14, 'rank_max': 14, 'full': True}, '1': {'calls': 1, 'rank_min': 1, 'rank_max': 1, 'full': True}} 
  ok  j=default rc=1e-12   cons=1e-4       3.2s  G1=True worst=1.6565569687118952e-05 svd={'86': {'calls': 5, 'rank_min': 86, 'rank_max': 86, 'full': True}, '7': {'calls': 9, 'rank_min': 7, 'rank_max': 7, 'full': True}, '1': {'calls': 23, 'rank_min': 1, 'rank_max': 1, 'full': True}} 
  ok  j=default rc=1e-12   cons=1e-4     100.0s  G1=True worst=4.2682756310219195e-07 svd={'14': {'calls': 5, 'rank_min': 14, 'rank_max': 14, 'full': True}, '12': {'calls': 1, 'rank_min': 12, 'rank_max': 12, 'full': True}} 
  ok  j=default rc=1e-12   cons=1e-4      58.9s  G1=True worst=2.257801323959753e-05 svd={'158': {'calls': 1014, 'rank_min': 158, 'rank_max': 158, 'full': True}} 
  ok  j=default rc=1e-12   cons=1e-4     172.8s  G1=True worst=1.661956664803203e-05 svd={'158': {'calls': 12, 'rank_min': 158, 'rank_max': 158, 'full': True}, '230': {'calls': 9, 'rank_min': 230, 'rank_max': 230, 'full': True}, '12': {'calls': 1, 'rank_min': 12, 'rank_max': 12, 'full': True}} 
  ok  j=default rc=1e-12   cons=1e-4     169.4s  G1=True worst=2.2591105613152895e-05 svd={'158': {'calls': 19, 'rank_min': 158, 'rank_max': 158, 'full': True}, '12': {'calls': 1, 'rank_min': 12, 'rank_max': 12, 'full': True}} 
  ok  j=default rc=1e-12   cons=1e-4     130.8s  G1=True worst=1.728565178350694e-06 svd={'14': {'calls': 7, 'rank_min': 14, 'rank_max': 14, 'full': True}, '1': {'calls': 1, 'rank_min': 1, 'rank_max': 1, 'full': True}} 
  ok  j=default rc=1e-12   cons=1e-4       2.6s  G1=True worst=8.044004291435482e-07 svd={'86': {'calls': 5, 'rank_min': 86, 'rank_max': 86, 'full': True}, '7': {'calls': 9, 'rank_min': 7, 'rank_max': 7, 'full': True}, '1': {'calls': 23, 'rank_min': 1, 'rank_max': 1, 'full': True}} 
  ok  j=default rc=1e-12   cons=1e-4     115.6s  G1=True worst=1.7187461726610168e-06 svd={'14': {'calls': 5, 'rank_min': 14, 'rank_max': 14, 'full': True}, '12': {'calls': 1, 'rank_min': 12, 'rank_max': 12, 'full': True}} 
  ok  j=default rc=1e-12   cons=1e-4      60.4s  G1=True worst=4.474128072359032e-07 svd={'158': {'calls': 1010, 'rank_min': 158, 'rank_max': 158, 'full': True}} 
  ok  j=default rc=1e-12   cons=1e-4     160.2s  G1=True worst=3.16758947242114e-07 svd={'158': {'calls': 8, 'rank_min': 158, 'rank_max': 158, 'full': True}, '230': {'calls': 7, 'rank_min': 230, 'rank_max': 230, 'full': True}, '12': {'calls': 1, 'rank_min': 12, 'rank_max': 12, 'full': True}} 
  ok  j=default rc=1e-12   cons=1e-4     164.1s  G1=True worst=4.483453943132346e-07 svd={'158': {'calls': 15, 'rank_min': 158, 'rank_max': 158, 'full': True}, '12': {'calls': 1, 'rank_min': 12, 'rank_max': 12, 'full': True}} 
  ok  j=default rc=1e-12   cons=1e-4     121.7s  G1=True worst=2.2196087849972897e-07 svd={'14': {'calls': 5, 'rank_min': 14, 'rank_max': 14, 'full': True}, '12': {'calls': 1, 'rank_min': 12, 'rank_max': 12, 'full': True}} 
  ok  j=default rc=1e-12   cons=1e-4       2.5s  G1=False worst=0.0011657246611851903 svd={'86': {'calls': 5, 'rank_min': 86, 'rank_max': 86, 'full': True}, '7': {'calls': 9, 'rank_min': 7, 'rank_max': 7, 'full': True}, '1': {'calls': 23, 'rank_min': 1, 'rank_max': 1, 'full': True}} 
  ok  j=default rc=1e-12   cons=1e-4     152.2s  G1=True worst=2.2196550321257995e-07 svd={'14': {'calls': 7, 'rank_min': 14, 'rank_max': 14, 'full': True}, '1': {'calls': 1, 'rank_min': 1, 'rank_max': 1, 'full': True}} 
  ok  j=default rc=1e-12   cons=1e-4      57.3s  G1=False worst=0.0011629605314623368 svd={'158': {'calls': 1010, 'rank_min': 158, 'rank_max': 158, 'full': True}} 
  ok  j=default rc=1e-12   cons=1e-4     163.4s  G1=False worst=0.0011664431868477006 svd={'158': {'calls': 8, 'rank_min': 158, 'rank_max': 158, 'full': True}, '230': {'calls': 7, 'rank_min': 230, 'rank_max': 230, 'full': True}, '12': {'calls': 1, 'rank_min': 12, 'rank_max': 12, 'full': True}} 
  ok  j=default rc=1e-12   cons=1e-4     164.7s  G1=False worst=0.0011629612289812492 svd={'158': {'calls': 15, 'rank_min': 158, 'rank_max': 158, 'full': True}, '12': {'calls': 1, 'rank_min': 12, 'rank_max': 12, 'full': True}} 
  ok  j=default rc=1e-12   cons=1e-4     132.9s  G1=False worst=0.001164123022245096 svd={'14': {'calls': 7, 'rank_min': 14, 'rank_max': 14, 'full': True}, '1': {'calls': 1, 'rank_min': 1, 'rank_max': 1, 'full': True}} 
  ok  j=default rc=1e-12   cons=1e-4       3.6s  G1=True worst=4.6695190150152215e-05 svd={'86': {'calls': 5, 'rank_min': 86, 'rank_max': 86, 'full': True}, '7': {'calls': 9, 'rank_min': 7, 'rank_max': 7, 'full': True}, '1': {'calls': 23, 'rank_min': 1, 'rank_max': 1, 'full': True}} 
  ok  j=default rc=1e-12   cons=1e-4     107.5s  G1=False worst=0.0011641230707529946 svd={'14': {'calls': 5, 'rank_min': 14, 'rank_max': 14, 'full': True}, '12': {'calls': 1, 'rank_min': 12, 'rank_max': 12, 'full': True}} 
  ok  j=default rc=1e-12   cons=1e-4      59.4s  G1=True worst=3.792403153333305e-07 svd={'158': {'calls': 1014, 'rank_min': 158, 'rank_max': 158, 'full': True}} 
  ok  j=default rc=1e-12   cons=1e-4     179.7s  G1=True worst=5.589195871430684e-05 svd={'158': {'calls': 12, 'rank_min': 158, 'rank_max': 158, 'full': True}, '230': {'calls': 37, 'rank_min': 230, 'rank_max': 230, 'full': True}, '12': {'calls': 1, 'rank_min': 12, 'rank_max': 12, 'full': True}} 
  ok  j=default rc=1e-12   cons=1e-4     201.8s  G1=True worst=3.756780196879349e-07 svd={'158': {'calls': 21, 'rank_min': 158, 'rank_max': 158, 'full': True}, '12': {'calls': 1, 'rank_min': 12, 'rank_max': 12, 'full': True}} 
  ok  j=default rc=1e-12   cons=1e-4     135.5s  G1=True worst=2.7681063571937606e-07 svd={'14': {'calls': 7, 'rank_min': 14, 'rank_max': 14, 'full': True}, '1': {'calls': 1, 'rank_min': 1, 'rank_max': 1, 'full': True}} 
  ok  j=default rc=1e-12   cons=1e-4       2.6s  G1=True worst=4.747909351170532e-05 svd={'86': {'calls': 5, 'rank_min': 86, 'rank_max': 86, 'full': True}, '7': {'calls': 9, 'rank_min': 7, 'rank_max': 7, 'full': True}, '1': {'calls': 23, 'rank_min': 1, 'rank_max': 1, 'full': True}} 
  ok  j=default rc=1e-12   cons=1e-4      99.7s  G1=True worst=2.768184654855617e-07 svd={'14': {'calls': 5, 'rank_min': 14, 'rank_max': 14, 'full': True}, '12': {'calls': 1, 'rank_min': 12, 'rank_max': 12, 'full': True}} 
  ok  j=default rc=1e-12   cons=1e-4      59.9s  G1=True worst=1.0972670698290832e-05 svd={'158': {'calls': 1016, 'rank_min': 158, 'rank_max': 158, 'full': True}} 
  ok  j=default rc=1e-12   cons=1e-4     182.9s  G1=True worst=5.219961958298775e-05 svd={'158': {'calls': 14, 'rank_min': 158, 'rank_max': 158, 'full': True}, '230': {'calls': 9, 'rank_min': 230, 'rank_max': 230, 'full': True}, '12': {'calls': 1, 'rank_min': 12, 'rank_max': 12, 'full': True}} 
  ok  j=default rc=1e-12   cons=1e-4     172.9s  G1=True worst=1.087834518598532e-05 svd={'158': {'calls': 21, 'rank_min': 158, 'rank_max': 158, 'full': True}, '12': {'calls': 1, 'rank_min': 12, 'rank_max': 12, 'full': True}} 
  ok  j=default rc=1e-12   cons=1e-4     142.6s  G1=True worst=1.761383015238179e-06 svd={'14': {'calls': 7, 'rank_min': 14, 'rank_max': 14, 'full': True}, '1': {'calls': 1, 'rank_min': 1, 'rank_max': 1, 'full': True}} 
  ok  j=default rc=1e-12   cons=1e-4       2.8s  G1=True worst=1.7735722418996719e-06 svd={'86': {'calls': 5, 'rank_min': 86, 'rank_max': 86, 'full': True}, '7': {'calls': 9, 'rank_min': 7, 'rank_max': 7, 'full': True}, '1': {'calls': 23, 'rank_min': 1, 'rank_max': 1, 'full': True}} 
  ok  j=default rc=1e-12   cons=1e-4      93.9s  G1=True worst=1.78432662899234e-06 svd={'14': {'calls': 5, 'rank_min': 14, 'rank_max': 14, 'full': True}, '12': {'calls': 1, 'rank_min': 12, 'rank_max': 12, 'full': True}} 
  ok  j=default rc=1e-12   cons=1e-4      59.7s  G1=True worst=1.6549564215463408e-07 svd={'158': {'calls': 1012, 'rank_min': 158, 'rank_max': 158, 'full': True}} 
  ok  j=default rc=1e-12   cons=1e-4     201.2s  G1=True worst=1.7472123156741796e-06 svd={'158': {'calls': 10, 'rank_min': 158, 'rank_max': 158, 'full': True}, '230': {'calls': 77, 'rank_min': 230, 'rank_max': 230, 'full': True}, '12': {'calls': 1, 'rank_min': 12, 'rank_max': 12, 'full': True}} 
  ok  j=default rc=1e-12   cons=1e-4     169.5s  G1=True worst=1.6549991831963396e-07 svd={'158': {'calls': 17, 'rank_min': 158, 'rank_max': 158, 'full': True}, '12': {'calls': 1, 'rank_min': 12, 'rank_max': 12, 'full': True}} 
  ok  j=default rc=1e-12   cons=1e-4     142.8s  G1=True worst=2.74992702017974e-07 svd={'14': {'calls': 7, 'rank_min': 14, 'rank_max': 14, 'full': True}, '1': {'calls': 1, 'rank_min': 1, 'rank_max': 1, 'full': True}} 
  ok  j=default rc=1e-12   cons=1e-4       2.7s  G1=False worst=0.00026658728135148116 svd={'86': {'calls': 5, 'rank_min': 86, 'rank_max': 86, 'full': True}, '7': {'calls': 9, 'rank_min': 7, 'rank_max': 7, 'full': True}, '1': {'calls': 23, 'rank_min': 1, 'rank_max': 1, 'full': True}} 
  ok  j=default rc=1e-12   cons=1e-4     101.9s  G1=True worst=2.750004986092786e-07 svd={'14': {'calls': 5, 'rank_min': 14, 'rank_max': 14, 'full': True}, '12': {'calls': 1, 'rank_min': 12, 'rank_max': 12, 'full': True}} 
  ok  j=default rc=1e-12   cons=1e-4      57.7s  G1=False worst=0.00022760689201264104 svd={'158': {'calls': 1010, 'rank_min': 158, 'rank_max': 158, 'full': True}} 
  ok  j=default rc=1e-12   cons=1e-4     165.6s  G1=False worst=0.0002721808520782227 svd={'158': {'calls': 8, 'rank_min': 158, 'rank_max': 158, 'full': True}, '230': {'calls': 7, 'rank_min': 230, 'rank_max': 230, 'full': True}, '12': {'calls': 1, 'rank_min': 12, 'rank_max': 12, 'full': True}} 
  ok  j=default rc=1e-12   cons=1e-4     161.8s  G1=False worst=0.00022747695891288226 svd={'158': {'calls': 15, 'rank_min': 158, 'rank_max': 158, 'full': True}, '12': {'calls': 1, 'rank_min': 12, 'rank_max': 12, 'full': True}} 
  ok  j=default rc=1e-12   cons=1e-4     109.9s  G1=False worst=0.0001990959934332349 svd={'14': {'calls': 5, 'rank_min': 14, 'rank_max': 14, 'full': True}, '12': {'calls': 1, 'rank_min': 12, 'rank_max': 12, 'full': True}} 
  ok  j=default rc=1e-12   cons=1e-4     153.2s  G1=False worst=0.00019914469372637667 svd={'14': {'calls': 7, 'rank_min': 14, 'rank_max': 14, 'full': True}, '1': {'calls': 1, 'rank_min': 1, 'rank_max': 1, 'full': True}} 
  ok  j=default rc=1e-12   cons=1e-4       2.8s  G1=True worst=2.7686871195608325e-05 svd={'86': {'calls': 5, 'rank_min': 86, 'rank_max': 86, 'full': True}, '7': {'calls': 9, 'rank_min': 7, 'rank_max': 7, 'full': True}, '1': {'calls': 23, 'rank_min': 1, 'rank_max': 1, 'full': True}} 
  ok  j=default rc=1e-12   cons=1e-4      57.4s  G1=True worst=1.8767885203032194e-06 svd={'158': {'calls': 1014, 'rank_min': 158, 'rank_max': 158, 'full': True}} 
  ok  j=default rc=1e-12   cons=1e-4     202.1s  G1=True worst=3.386592319280042e-05 svd={'158': {'calls': 12, 'rank_min': 158, 'rank_max': 158, 'full': True}, '230': {'calls': 47, 'rank_min': 230, 'rank_max': 230, 'full': True}, '12': {'calls': 1, 'rank_min': 12, 'rank_max': 12, 'full': True}} 
  ok  j=default rc=1e-12   cons=1e-4     170.4s  G1=True worst=1.8691632865471232e-06 svd={'158': {'calls': 21, 'rank_min': 158, 'rank_max': 158, 'full': True}, '12': {'calls': 1, 'rank_min': 12, 'rank_max': 12, 'full': True}} 
  ok  j=default rc=1e-12   cons=1e-4     122.7s  G1=True worst=2.8524552342014597e-07 svd={'14': {'calls': 7, 'rank_min': 14, 'rank_max': 14, 'full': True}, '1': {'calls': 1, 'rank_min': 1, 'rank_max': 1, 'full': True}} 
  ok  j=default rc=1e-12   cons=1e-4       2.5s  G1=True worst=2.8026082816398767e-05 svd={'86': {'calls': 5, 'rank_min': 86, 'rank_max': 86, 'full': True}, '7': {'calls': 9, 'rank_min': 7, 'rank_max': 7, 'full': True}, '1': {'calls': 23, 'rank_min': 1, 'rank_max': 1, 'full': True}} 
  ok  j=default rc=1e-12   cons=1e-4      98.9s  G1=True worst=2.8524122040694783e-07 svd={'14': {'calls': 5, 'rank_min': 14, 'rank_max': 14, 'full': True}, '12': {'calls': 1, 'rank_min': 12, 'rank_max': 12, 'full': True}} 
  ok  j=default rc=1e-12   cons=1e-4      60.7s  G1=True worst=1.5957742035652013e-05 svd={'158': {'calls': 1014, 'rank_min': 158, 'rank_max': 158, 'full': True}} 
  ok  j=default rc=1e-12   cons=1e-4     180.6s  G1=True worst=3.414571678045381e-05 svd={'158': {'calls': 12, 'rank_min': 158, 'rank_max': 158, 'full': True}, '230': {'calls': 9, 'rank_min': 230, 'rank_max': 230, 'full': True}, '12': {'calls': 1, 'rank_min': 12, 'rank_max': 12, 'full': True}} 
  ok  j=default rc=1e-12   cons=1e-4     171.7s  G1=True worst=1.5812447016074317e-05 svd={'158': {'calls': 19, 'rank_min': 158, 'rank_max': 158, 'full': True}, '12': {'calls': 1, 'rank_min': 12, 'rank_max': 12, 'full': True}} 
  ok  j=default rc=1e-12   cons=1e-4     127.0s  G1=True worst=1.7650793901882796e-06 svd={'14': {'calls': 7, 'rank_min': 14, 'rank_max': 14, 'full': True}, '1': {'calls': 1, 'rank_min': 1, 'rank_max': 1, 'full': True}} 
  ok  j=default rc=1e-12   cons=1e-4       2.7s  G1=True worst=1.133353937450762e-06 svd={'86': {'calls': 5, 'rank_min': 86, 'rank_max': 86, 'full': True}, '7': {'calls': 9, 'rank_min': 7, 'rank_max': 7, 'full': True}, '1': {'calls': 23, 'rank_min': 1, 'rank_max': 1, 'full': True}} 
  ok  j=default rc=1e-12   cons=1e-4     105.0s  G1=True worst=1.740975068120982e-06 svd={'14': {'calls': 5, 'rank_min': 14, 'rank_max': 14, 'full': True}, '12': {'calls': 1, 'rank_min': 12, 'rank_max': 12, 'full': True}} 
  ok  j=default rc=1e-12   cons=1e-4      62.4s  G1=True worst=1.8411274559822168e-07 svd={'158': {'calls': 1010, 'rank_min': 158, 'rank_max': 158, 'full': True}} 
  ok  j=default rc=1e-12   cons=1e-4     180.3s  G1=True worst=2.6522985378093515e-06 svd={'158': {'calls': 8, 'rank_min': 158, 'rank_max': 158, 'full': True}, '230': {'calls': 19, 'rank_min': 230, 'rank_max': 230, 'full': True}, '12': {'calls': 1, 'rank_min': 12, 'rank_max': 12, 'full': True}} 
  ok  j=default rc=1e-12   cons=1e-4     171.6s  G1=True worst=1.8412036564630783e-07 svd={'158': {'calls': 17, 'rank_min': 158, 'rank_max': 158, 'full': True}, '12': {'calls': 1, 'rank_min': 12, 'rank_max': 12, 'full': True}} 
  ok  j=default rc=1e-12   cons=1e-4     139.4s  G1=True worst=2.8321383648987414e-07 svd={'14': {'calls': 7, 'rank_min': 14, 'rank_max': 14, 'full': True}, '1': {'calls': 1, 'rank_min': 1, 'rank_max': 1, 'full': True}} 
  ok  j=default rc=1e-12   cons=1e-4     123.7s  G1=True worst=2.8320956634982643e-07 svd={'14': {'calls': 5, 'rank_min': 14, 'rank_max': 14, 'full': True}, '12': {'calls': 1, 'rank_min': 12, 'rank_max': 12, 'full': True}} 
  ok  j=default rc=1e-12   cons=1e-4       2.3s  G1=False worst=0.00022828756668645124 svd={'86': {'calls': 5, 'rank_min': 86, 'rank_max': 86, 'full': True}, '7': {'calls': 9, 'rank_min': 7, 'rank_max': 7, 'full': True}, '1': {'calls': 23, 'rank_min': 1, 'rank_max': 1, 'full': True}} 
  ok  j=default rc=1e-12   cons=1e-4      56.5s  G1=False worst=0.00020038724590881122 svd={'158': {'calls': 1010, 'rank_min': 158, 'rank_max': 158, 'full': True}} 
  ok  j=default rc=1e-12   cons=1e-4     163.1s  G1=False worst=0.00022606408151174478 svd={'158': {'calls': 8, 'rank_min': 158, 'rank_max': 158, 'full': True}, '230': {'calls': 7, 'rank_min': 230, 'rank_max': 230, 'full': True}, '12': {'calls': 1, 'rank_min': 12, 'rank_max': 12, 'full': True}} 
  ok  j=default rc=1e-12   cons=1e-4     159.1s  G1=False worst=0.00020024055771303105 svd={'158': {'calls': 15, 'rank_min': 158, 'rank_max': 158, 'full': True}, '12': {'calls': 1, 'rank_min': 12, 'rank_max': 12, 'full': True}} 
  ok  j=default rc=1e-12   cons=1e-4     130.4s  G1=False worst=0.00017190687591838667 svd={'14': {'calls': 7, 'rank_min': 14, 'rank_max': 14, 'full': True}, '1': {'calls': 1, 'rank_min': 1, 'rank_max': 1, 'full': True}} 
  ok  j=default rc=1e-12   cons=1e-4      97.7s  G1=False worst=0.00017193629936714474 svd={'14': {'calls': 5, 'rank_min': 14, 'rank_max': 14, 'full': True}, '12': {'calls': 1, 'rank_min': 12, 'rank_max': 12, 'full': True}} 
CAMPAIGN3 DONE 22:11:39
