  ok  NNPDF 1   lattice       const_logrbf  1e-4       2.4s  
  ok  NNPDF mc  lattice       const_logrbf  1e-4       2.5s  
  ok  NNPDF 2   lattice       const_logrbf  1e-4       2.1s  
  ok  NNPDF 3   lattice       const_logrbf  1e-4       2.1s  
  ok  NNPDF 4   lattice       const_logrbf  1e-4       2.1s  
  ok  NNPDF 5   lattice       const_logrbf  1e-4       2.1s  
  ok  JAM   mc  lattice       const_logrbf  1e-4       2.4s  
  ok  JAM   1   lattice       const_logrbf  1e-4       2.3s  
  ok  JAM   2   lattice       const_logrbf  1e-4       2.3s  
  ok  JAM   3   lattice       const_logrbf  1e-4       2.3s  
  ok  JAM   4   lattice       const_logrbf  1e-4       2.1s  
  ok  JAM   5   lattice       const_logrbf  1e-4       2.1s  
  ok  NNPDF mc  lattice       beta_envelope 1e-4       2.1s  
  ok  NNPDF 1   lattice       beta_envelope 1e-4       2.1s  
  ok  NNPDF 2   lattice       beta_envelope 1e-4       2.0s  
  ok  NNPDF 3   lattice       beta_envelope 1e-4       2.0s  
  ok  NNPDF 4   lattice       beta_envelope 1e-4       2.1s  
  ok  NNPDF 5   lattice       beta_envelope 1e-4       2.1s  
  ok  JAM   mc  lattice       beta_envelope 1e-4       2.1s  
  ok  JAM   1   lattice       beta_envelope 1e-4       2.0s  
  ok  JAM   2   lattice       beta_envelope 1e-4       2.3s  
  ok  JAM   3   lattice       beta_envelope 1e-4       2.2s  
  ok  JAM   5   lattice       beta_envelope 1e-4       2.1s  
  ok  JAM   4   lattice       beta_envelope 1e-4       2.1s  
  ok  NNPDF mc  lattice       const_logrbf  1e-6       2.1s  
  ok  NNPDF 1   lattice       const_logrbf  1e-6       2.1s  
  ok  NNPDF 2   lattice       const_logrbf  1e-6       2.0s  
  ok  NNPDF 3   lattice       const_logrbf  1e-6       2.0s  
  ok  NNPDF 4   lattice       const_logrbf  1e-6       2.1s  
  ok  NNPDF 5   lattice       const_logrbf  1e-6       2.1s  
  ok  JAM   mc  lattice       const_logrbf  1e-6       2.1s  
  ok  JAM   1   lattice       const_logrbf  1e-6       2.1s  
  ok  JAM   2   lattice       const_logrbf  1e-6       2.2s  
  ok  JAM   3   lattice       const_logrbf  1e-6       2.1s  
  ok  JAM   4   lattice       const_logrbf  1e-6       2.0s  
  ok  JAM   5   lattice       const_logrbf  1e-6       2.0s  
  ok  NNPDF 1   lattice       beta_envelope 1e-6       2.1s  
  ok  NNPDF mc  lattice       beta_envelope 1e-6       2.2s  
  ok  NNPDF 2   lattice       beta_envelope 1e-6       2.1s  
  ok  NNPDF 3   lattice       beta_envelope 1e-6       2.2s  
  ok  NNPDF 4   lattice       beta_envelope 1e-6       2.2s  
  ok  NNPDF 5   lattice       beta_envelope 1e-6       2.1s  
  ok  JAM   mc  lattice       beta_envelope 1e-6       2.1s  
  ok  JAM   1   lattice       beta_envelope 1e-6       2.1s  
  ok  JAM   3   lattice       beta_envelope 1e-6       2.3s  
  ok  JAM   2   lattice       beta_envelope 1e-6       2.4s  
  ok  JAM   4   lattice       beta_envelope 1e-6       2.5s  
  ok  JAM   5   lattice       beta_envelope 1e-6       2.5s  
  ok  NNPDF 1   dis           const_logrbf  1e-4      44.8s  
  ok  NNPDF mc  dis           const_logrbf  1e-4      44.9s  
  ok  NNPDF 2   dis           const_logrbf  1e-4      44.9s  
  ok  NNPDF 3   dis           const_logrbf  1e-4      44.9s  
  ok  NNPDF 4   dis           const_logrbf  1e-4      41.9s  
  ok  NNPDF 5   dis           const_logrbf  1e-4      41.9s  
  ok  JAM   1   dis           const_logrbf  1e-4      41.7s  
  ok  JAM   mc  dis           const_logrbf  1e-4      41.9s  
  ok  JAM   3   dis           const_logrbf  1e-4      40.7s  
  ok  JAM   2   dis           const_logrbf  1e-4      40.9s  
  ok  JAM   5   dis           const_logrbf  1e-4      41.8s  
  ok  JAM   4   dis           const_logrbf  1e-4      42.5s  
  ok  NNPDF mc  dis           beta_envelope 1e-4      44.3s  
  ok  NNPDF 1   dis           beta_envelope 1e-4      45.3s  
  ok  NNPDF 2   dis           beta_envelope 1e-4      41.7s  
  ok  NNPDF 3   dis           beta_envelope 1e-4      42.7s  
  ok  NNPDF 4   dis           beta_envelope 1e-4      42.7s  
  ok  NNPDF 5   dis           beta_envelope 1e-4      43.9s  
  ok  JAM   mc  dis           beta_envelope 1e-4      38.7s  
  ok  JAM   1   dis           beta_envelope 1e-4      40.7s  
  ok  JAM   2   dis           beta_envelope 1e-4      41.6s  
  ok  JAM   3   dis           beta_envelope 1e-4      38.6s  
  ok  JAM   4   dis           beta_envelope 1e-4      45.3s  
  ok  JAM   5   dis           beta_envelope 1e-4      43.3s  
  ok  NNPDF mc  dis           const_logrbf  1e-6      43.4s  
  ok  NNPDF 1   dis           const_logrbf  1e-6      43.4s  
  ok  NNPDF 2   dis           const_logrbf  1e-6      41.9s  
  ok  NNPDF 3   dis           const_logrbf  1e-6      42.0s  
  ok  NNPDF 4   dis           const_logrbf  1e-6      41.9s  
  ok  NNPDF 5   dis           const_logrbf  1e-6      42.1s  
  ok  JAM   mc  dis           const_logrbf  1e-6      42.8s  
  ok  JAM   1   dis           const_logrbf  1e-6      42.4s  
  ok  JAM   2   dis           const_logrbf  1e-6      40.9s  
  ok  JAM   3   dis           const_logrbf  1e-6      40.8s  
  ok  JAM   4   dis           const_logrbf  1e-6      41.9s  
  ok  JAM   5   dis           const_logrbf  1e-6      41.3s  
  ok  NNPDF mc  dis           beta_envelope 1e-6      48.9s  
  ok  NNPDF 1   dis           beta_envelope 1e-6      49.2s  
  ok  NNPDF 2   dis           beta_envelope 1e-6      46.8s  
  ok  NNPDF 3   dis           beta_envelope 1e-6      47.6s  
  ok  NNPDF 4   dis           beta_envelope 1e-6      46.2s  
  ok  NNPDF 5   dis           beta_envelope 1e-6      47.1s  
  ok  JAM   mc  dis           beta_envelope 1e-6      35.5s  
  ok  JAM   1   dis           beta_envelope 1e-6      35.7s  
  ok  JAM   2   dis           beta_envelope 1e-6      34.3s  
  ok  JAM   3   dis           beta_envelope 1e-6      37.7s  
  ok  JAM   4   dis           beta_envelope 1e-6      40.1s  
  ok  JAM   5   dis           beta_envelope 1e-6      35.8s  
  ok  NNPDF mc  dy            const_logrbf  1e-4      97.2s  
  ok  NNPDF 1   dy            const_logrbf  1e-4      97.6s  
  ok  NNPDF 2   dy            const_logrbf  1e-4     100.2s  
  ok  NNPDF 3   dy            const_logrbf  1e-4     100.6s  
  ok  NNPDF 4   dy            const_logrbf  1e-4     104.7s  
  ok  NNPDF 5   dy            const_logrbf  1e-4     104.6s  
  ok  JAM   mc  dy            const_logrbf  1e-4     105.0s  
  ok  JAM   1   dy            const_logrbf  1e-4     105.5s  
  ok  JAM   2   dy            const_logrbf  1e-4     105.4s  
  ok  JAM   3   dy            const_logrbf  1e-4     105.8s  
  ok  JAM   4   dy            const_logrbf  1e-4     104.3s  
  ok  JAM   5   dy            const_logrbf  1e-4     105.5s  
fail  NNPDF mc  dy            beta_envelope 1e-4      27.2s  RuntimeError: H-S saddle search did not converge
fail  NNPDF 1   dy            beta_envelope 1e-4      33.1s  RuntimeError: H-S saddle search did not converge
fail  NNPDF 2   dy            beta_envelope 1e-4      31.8s  RuntimeError: H-S saddle search did not converge
fail  NNPDF 3   dy            beta_envelope 1e-4      25.2s  RuntimeError: H-S saddle search did not converge
fail  NNPDF 5   dy            beta_envelope 1e-4      23.9s  RuntimeError: H-S saddle search did not converge
fail  NNPDF 4   dy            beta_envelope 1e-4      27.2s  RuntimeError: H-S saddle search did not converge
fail  JAM   1   dy            beta_envelope 1e-4      27.9s  RuntimeError: H-S saddle search did not converge
fail  JAM   mc  dy            beta_envelope 1e-4      40.2s  RuntimeError: H-S saddle search did not converge
fail  JAM   2   dy            beta_envelope 1e-4      31.5s  RuntimeError: H-S saddle search did not converge
fail  JAM   3   dy            beta_envelope 1e-4      26.4s  RuntimeError: H-S saddle search did not converge
