=== envelope grid done, starting CONSTANT-prior jitter scan 18:51:33 ===
fail  j=0.0     rc=1e-16   cons=1e-4      50.7s  G1=None worst=None svd={'158': {'calls': 12, 'rank_min': 158, 'rank_max': 158, 'full': True}, '230': {'calls': 2, 'rank_min': 230, 'rank_max': 230, 'full': True}} RuntimeError: H-S saddle search did not converge
fail  j=0.0     rc=1e-12   cons=1e-4      50.4s  G1=None worst=None svd={'158': {'calls': 12, 'rank_min': 158, 'rank_max': 158, 'full': True}, '230': {'calls': 2, 'rank_min': 230, 'rank_max': 230, 'full': True}} RuntimeError: H-S saddle search did not converge
fail  j=0.0     rc=1e-8    cons=1e-4      65.3s  G1=None worst=None svd={'158': {'calls': 12, 'rank_min': 151, 'rank_max': 158, 'full': False}, '230': {'calls': 2, 'rank_min': 211, 'rank_max': 211, 'full': False}} RuntimeError: H-S saddle search did not converge
fail  j=1e-12   rc=1e-16   cons=1e-4      79.8s  G1=None worst=None svd={'158': {'calls': 12, 'rank_min': 158, 'rank_max': 158, 'full': True}, '230': {'calls': 2, 'rank_min': 230, 'rank_max': 230, 'full': True}} RuntimeError: H-S saddle search did not converge
fail  j=1e-12   rc=1e-12   cons=1e-4      79.4s  G1=None worst=None svd={'158': {'calls': 12, 'rank_min': 158, 'rank_max': 158, 'full': True}, '230': {'calls': 2, 'rank_min': 230, 'rank_max': 230, 'full': True}} RuntimeError: H-S saddle search did not converge
fail  j=1e-12   rc=1e-8    cons=1e-4      67.7s  G1=None worst=None svd={'158': {'calls': 12, 'rank_min': 151, 'rank_max': 158, 'full': False}, '230': {'calls': 2, 'rank_min': 211, 'rank_max': 211, 'full': False}} RuntimeError: H-S saddle search did not converge
  ok  j=1e-10   rc=1e-16   cons=1e-4     117.0s  G1=True worst=1.780379889828904e-05 svd={'158': {'calls': 12, 'rank_min': 158, 'rank_max': 158, 'full': True}, '230': {'calls': 31, 'rank_min': 230, 'rank_max': 230, 'full': True}, '12': {'calls': 1, 'rank_min': 12, 'rank_max': 12, 'full': True}} 
  ok  j=1e-10   rc=1e-12   cons=1e-4     117.0s  G1=True worst=1.780379889828904e-05 svd={'158': {'calls': 12, 'rank_min': 158, 'rank_max': 158, 'full': True}, '230': {'calls': 31, 'rank_min': 230, 'rank_max': 230, 'full': True}, '12': {'calls': 1, 'rank_min': 12, 'rank_max': 12, 'full': True}} 
  ok  j=1e-10   rc=1e-8    cons=1e-4      99.2s  G1=False worst=0.00011891812222989078 svd={'158': {'calls': 12, 'rank_min': 151, 'rank_max': 158, 'full': False}, '230': {'calls': 31, 'rank_min': 211, 'rank_max': 230, 'full': False}, '12': {'calls': 1, 'rank_min': 12, 'rank_max': 12, 'full': True}} 
  ok  j=1e-8    rc=1e-16   cons=1e-4     100.9s  G1=True worst=1.78014866794997e-05 svd={'158': {'calls': 12, 'rank_min': 158, 'rank_max': 158, 'full': True}, '230': {'calls': 9, 'rank_min': 230, 'rank_max': 230, 'full': True}, '12': {'calls': 1, 'rank_min': 12, 'rank_max': 12, 'full': True}} 
  ok  j=1e-8    rc=1e-12   cons=1e-4     101.0s  G1=True worst=1.780148647555253e-05 svd={'158': {'calls': 12, 'rank_min': 158, 'rank_max': 158, 'full': True}, '230': {'calls': 9, 'rank_min': 230, 'rank_max': 230, 'full': True}, '12': {'calls': 1, 'rank_min': 12, 'rank_max': 12, 'full': True}} 
  ok  j=1e-8    rc=1e-8    cons=1e-4     100.9s  G1=False worst=0.00011892060903534029 svd={'158': {'calls': 12, 'rank_min': 151, 'rank_max': 158, 'full': False}, '230': {'calls': 9, 'rank_min': 211, 'rank_max': 230, 'full': False}, '12': {'calls': 1, 'rank_min': 12, 'rank_max': 12, 'full': True}} 
  ok  j=1e-6    rc=1e-16   cons=1e-4      98.2s  G1=True worst=1.7795742929114436e-05 svd={'158': {'calls': 12, 'rank_min': 158, 'rank_max': 158, 'full': True}, '230': {'calls': 9, 'rank_min': 230, 'rank_max': 230, 'full': True}, '12': {'calls': 1, 'rank_min': 12, 'rank_max': 12, 'full': True}} 
  ok  j=1e-6    rc=1e-12   cons=1e-4      98.1s  G1=True worst=1.7795742929114436e-05 svd={'158': {'calls': 12, 'rank_min': 158, 'rank_max': 158, 'full': True}, '230': {'calls': 9, 'rank_min': 230, 'rank_max': 230, 'full': True}, '12': {'calls': 1, 'rank_min': 12, 'rank_max': 12, 'full': True}} 
  ok  j=1e-6    rc=1e-8    cons=1e-4      98.8s  G1=False worst=0.0001189474441666194 svd={'158': {'calls': 12, 'rank_min': 151, 'rank_max': 158, 'full': False}, '230': {'calls': 9, 'rank_min': 211, 'rank_max': 230, 'full': False}, '12': {'calls': 1, 'rank_min': 12, 'rank_max': 12, 'full': True}} 
  ok  j=1e-4    rc=1e-16   cons=1e-4      97.7s  G1=True worst=1.7302602647466996e-05 svd={'158': {'calls': 12, 'rank_min': 158, 'rank_max': 158, 'full': True}, '230': {'calls': 9, 'rank_min': 230, 'rank_max': 230, 'full': True}, '12': {'calls': 1, 'rank_min': 12, 'rank_max': 12, 'full': True}} 
  ok  j=1e-4    rc=1e-12   cons=1e-4      97.6s  G1=True worst=1.7302602647466996e-05 svd={'158': {'calls': 12, 'rank_min': 158, 'rank_max': 158, 'full': True}, '230': {'calls': 9, 'rank_min': 230, 'rank_max': 230, 'full': True}, '12': {'calls': 1, 'rank_min': 12, 'rank_max': 12, 'full': True}} 
  ok  j=1e-4    rc=1e-8    cons=1e-4      98.5s  G1=False worst=0.00012375554078782963 svd={'158': {'calls': 12, 'rank_min': 156, 'rank_max': 158, 'full': False}, '230': {'calls': 9, 'rank_min': 215, 'rank_max': 230, 'full': False}, '12': {'calls': 1, 'rank_min': 12, 'rank_max': 12, 'full': True}} 
CONST JITTER GRID DONE 19:18:47
