=== closure_NNPDF_truth_small Q=mc 14:02:55 ===
== generating truth member Q=1.28 (truthQ_mc), input Q0=mc, 1000 NNPDF replicas ==
   saved -> /Users/jkarpie-admin/work/building/pixel/closure_NNPDF_truth_small/data/truthQ_mc  (44.7s)
=== closure_NNPDF_truth_small Q=1 14:03:40 ===
== generating truth member Q=1.0 (truthQ_1), input Q0=mc, 1000 NNPDF replicas ==
   saved -> /Users/jkarpie-admin/work/building/pixel/closure_NNPDF_truth_small/data/truthQ_1  (44.7s)
=== closure_NNPDF_truth_small Q=4 14:04:26 ===
== generating truth member Q=4.0 (truthQ_4), input Q0=mc, 1000 NNPDF replicas ==
   saved -> /Users/jkarpie-admin/work/building/pixel/closure_NNPDF_truth_small/data/truthQ_4  (43.5s)
=== closure_NNPDF_truth_small Q=5 14:05:10 ===
== generating truth member Q=5.0 (truthQ_5), input Q0=mc, 1000 NNPDF replicas ==
   saved -> /Users/jkarpie-admin/work/building/pixel/closure_NNPDF_truth_small/data/truthQ_5  (44.0s)
=== closure_JAM_truth_small Q=mc 14:05:55 ===
== generating truth member Q=1.28 (truthQ_mc), input Q0=mc, 791 JAM replicas ==
   saved -> /Users/jkarpie-admin/work/building/pixel/closure_JAM_truth_small/data/truthQ_mc  (24.4s)
=== closure_JAM_truth_small Q=1 14:06:20 ===
== generating truth member Q=1.0 (truthQ_1), input Q0=mc, 791 JAM replicas ==
   saved -> /Users/jkarpie-admin/work/building/pixel/closure_JAM_truth_small/data/truthQ_1  (27.6s)
=== closure_JAM_truth_small Q=4 14:06:48 ===
== generating truth member Q=4.0 (truthQ_4), input Q0=mc, 791 JAM replicas ==
   saved -> /Users/jkarpie-admin/work/building/pixel/closure_JAM_truth_small/data/truthQ_4  (22.8s)
=== closure_JAM_truth_small Q=5 14:07:12 ===
== generating truth member Q=5.0 (truthQ_5), input Q0=mc, 791 JAM replicas ==
   saved -> /Users/jkarpie-admin/work/building/pixel/closure_JAM_truth_small/data/truthQ_5  (25.3s)
GENERATION DONE 14:07:38
