  ok  j=0.0     rc=1e-18   cons=1e-4     118.3s  G1=True worst=1.780379889828904e-05 svd={'158': {'calls': 12, 'rank_min': 158, 'rank_max': 158, 'full': True}, '230': {'calls': 31, 'rank_min': 230, 'rank_max': 230, 'full': True}, '12': {'calls': 1, 'rank_min': 12, 'rank_max': 12, 'full': True}} 
  ok  j=1e-10   rc=1e-18   cons=1e-4     117.8s  G1=True worst=1.780379889828904e-05 svd={'158': {'calls': 12, 'rank_min': 158, 'rank_max': 158, 'full': True}, '230': {'calls': 31, 'rank_min': 230, 'rank_max': 230, 'full': True}, '12': {'calls': 1, 'rank_min': 12, 'rank_max': 12, 'full': True}} 
  ok  j=1e-6    rc=1e-18   cons=1e-4     117.2s  G1=True worst=1.780379889828904e-05 svd={'158': {'calls': 12, 'rank_min': 158, 'rank_max': 158, 'full': True}, '230': {'calls': 31, 'rank_min': 230, 'rank_max': 230, 'full': True}, '12': {'calls': 1, 'rank_min': 12, 'rank_max': 12, 'full': True}} 
  ok  j=0.0     rc=1e-16   cons=1e-4     117.4s  G1=True worst=1.780379889828904e-05 svd={'158': {'calls': 12, 'rank_min': 158, 'rank_max': 158, 'full': True}, '230': {'calls': 31, 'rank_min': 230, 'rank_max': 230, 'full': True}, '12': {'calls': 1, 'rank_min': 12, 'rank_max': 12, 'full': True}} 
  ok  j=1e-10   rc=1e-16   cons=1e-4     117.4s  G1=True worst=1.780379889828904e-05 svd={'158': {'calls': 12, 'rank_min': 158, 'rank_max': 158, 'full': True}, '230': {'calls': 31, 'rank_min': 230, 'rank_max': 230, 'full': True}, '12': {'calls': 1, 'rank_min': 12, 'rank_max': 12, 'full': True}} 
  ok  j=1e-6    rc=1e-16   cons=1e-4     117.7s  G1=True worst=1.780379889828904e-05 svd={'158': {'calls': 12, 'rank_min': 158, 'rank_max': 158, 'full': True}, '230': {'calls': 31, 'rank_min': 230, 'rank_max': 230, 'full': True}, '12': {'calls': 1, 'rank_min': 12, 'rank_max': 12, 'full': True}} 
  ok  j=0.0     rc=1e-14   cons=1e-4     118.1s  G1=True worst=1.780379889828904e-05 svd={'158': {'calls': 12, 'rank_min': 158, 'rank_max': 158, 'full': True}, '230': {'calls': 31, 'rank_min': 230, 'rank_max': 230, 'full': True}, '12': {'calls': 1, 'rank_min': 12, 'rank_max': 12, 'full': True}} 
  ok  j=1e-10   rc=1e-14   cons=1e-4     118.2s  G1=True worst=1.780379889828904e-05 svd={'158': {'calls': 12, 'rank_min': 158, 'rank_max': 158, 'full': True}, '230': {'calls': 31, 'rank_min': 230, 'rank_max': 230, 'full': True}, '12': {'calls': 1, 'rank_min': 12, 'rank_max': 12, 'full': True}} 
  ok  j=1e-6    rc=1e-14   cons=1e-4     117.6s  G1=True worst=1.780379889828904e-05 svd={'158': {'calls': 12, 'rank_min': 158, 'rank_max': 158, 'full': True}, '230': {'calls': 31, 'rank_min': 230, 'rank_max': 230, 'full': True}, '12': {'calls': 1, 'rank_min': 12, 'rank_max': 12, 'full': True}} 
  ok  j=0.0     rc=1e-12   cons=1e-4     117.5s  G1=True worst=1.780379889828904e-05 svd={'158': {'calls': 12, 'rank_min': 158, 'rank_max': 158, 'full': True}, '230': {'calls': 31, 'rank_min': 230, 'rank_max': 230, 'full': True}, '12': {'calls': 1, 'rank_min': 12, 'rank_max': 12, 'full': True}} 
  ok  j=1e-10   rc=1e-12   cons=1e-4     117.4s  G1=True worst=1.780379889828904e-05 svd={'158': {'calls': 12, 'rank_min': 158, 'rank_max': 158, 'full': True}, '230': {'calls': 31, 'rank_min': 230, 'rank_max': 230, 'full': True}, '12': {'calls': 1, 'rank_min': 12, 'rank_max': 12, 'full': True}} 
  ok  j=1e-6    rc=1e-12   cons=1e-4     117.5s  G1=True worst=1.780379889828904e-05 svd={'158': {'calls': 12, 'rank_min': 158, 'rank_max': 158, 'full': True}, '230': {'calls': 31, 'rank_min': 230, 'rank_max': 230, 'full': True}, '12': {'calls': 1, 'rank_min': 12, 'rank_max': 12, 'full': True}} 
fail  j=0.0     rc=1e-10   cons=1e-4     119.6s  G1=None worst=None svd={'158': {'calls': 12, 'rank_min': 158, 'rank_max': 158, 'full': True}, '230': {'calls': 8, 'rank_min': 230, 'rank_max': 230, 'full': True}} RuntimeError: small-closure nested VEGAS diagnostics failed: absolute 
fail  j=1e-10   rc=1e-10   cons=1e-4     120.1s  G1=None worst=None svd={'158': {'calls': 12, 'rank_min': 158, 'rank_max': 158, 'full': True}, '230': {'calls': 8, 'rank_min': 230, 'rank_max': 230, 'full': True}} RuntimeError: small-closure nested VEGAS diagnostics failed: absolute 
fail  j=1e-6    rc=1e-10   cons=1e-4     120.0s  G1=None worst=None svd={'158': {'calls': 12, 'rank_min': 158, 'rank_max': 158, 'full': True}, '230': {'calls': 8, 'rank_min': 230, 'rank_max': 230, 'full': True}} RuntimeError: small-closure nested VEGAS diagnostics failed: absolute 
  ok  j=1e-10   rc=1e-8    cons=1e-4     100.1s  G1=False worst=0.00011891812222989078 svd={'158': {'calls': 12, 'rank_min': 151, 'rank_max': 158, 'full': False}, '230': {'calls': 31, 'rank_min': 211, 'rank_max': 230, 'full': False}, '12': {'calls': 1, 'rank_min': 12, 'rank_max': 12, 'full': True}} 
fail  j=0.0     rc=1e-18   cons=1e-3     119.8s  G1=None worst=None svd={'158': {'calls': 12, 'rank_min': 158, 'rank_max': 158, 'full': True}, '230': {'calls': 8, 'rank_min': 230, 'rank_max': 230, 'full': True}} RuntimeError: small-closure nested VEGAS diagnostics failed: absolute 
fail  j=1e-10   rc=1e-18   cons=1e-3     119.8s  G1=None worst=None svd={'158': {'calls': 12, 'rank_min': 158, 'rank_max': 158, 'full': True}, '230': {'calls': 8, 'rank_min': 230, 'rank_max': 230, 'full': True}} RuntimeError: small-closure nested VEGAS diagnostics failed: absolute 
  ok  j=1e-6    rc=1e-18   cons=1e-3     120.2s  G1=False worst=0.00023652914500756986 svd={'158': {'calls': 12, 'rank_min': 158, 'rank_max': 158, 'full': True}, '230': {'calls': 9, 'rank_min': 230, 'rank_max': 230, 'full': True}, '12': {'calls': 1, 'rank_min': 12, 'rank_max': 12, 'full': True}} 
  ok  j=0.0     rc=1e-16   cons=1e-3     119.4s  G1=False worst=0.00023652914500756986 svd={'158': {'calls': 12, 'rank_min': 158, 'rank_max': 158, 'full': True}, '230': {'calls': 9, 'rank_min': 230, 'rank_max': 230, 'full': True}, '12': {'calls': 1, 'rank_min': 12, 'rank_max': 12, 'full': True}} 
  ok  j=1e-10   rc=1e-16   cons=1e-3     119.3s  G1=False worst=0.00023652914500756986 svd={'158': {'calls': 12, 'rank_min': 158, 'rank_max': 158, 'full': True}, '230': {'calls': 9, 'rank_min': 230, 'rank_max': 230, 'full': True}, '12': {'calls': 1, 'rank_min': 12, 'rank_max': 12, 'full': True}} 
  ok  j=1e-6    rc=1e-16   cons=1e-3     119.2s  G1=False worst=0.00023652914500756986 svd={'158': {'calls': 12, 'rank_min': 158, 'rank_max': 158, 'full': True}, '230': {'calls': 9, 'rank_min': 230, 'rank_max': 230, 'full': True}, '12': {'calls': 1, 'rank_min': 12, 'rank_max': 12, 'full': True}} 
fail  j=0.0     rc=1e-14   cons=1e-3     119.0s  G1=None worst=None svd={'158': {'calls': 12, 'rank_min': 158, 'rank_max': 158, 'full': True}, '230': {'calls': 8, 'rank_min': 230, 'rank_max': 230, 'full': True}} RuntimeError: small-closure nested VEGAS diagnostics failed: absolute 
  ok  j=1e-10   rc=1e-14   cons=1e-3     119.1s  G1=False worst=0.00023652914500756986 svd={'158': {'calls': 12, 'rank_min': 158, 'rank_max': 158, 'full': True}, '230': {'calls': 9, 'rank_min': 230, 'rank_max': 230, 'full': True}, '12': {'calls': 1, 'rank_min': 12, 'rank_max': 12, 'full': True}} 
fail  j=1e-6    rc=1e-14   cons=1e-3     119.0s  G1=None worst=None svd={'158': {'calls': 12, 'rank_min': 158, 'rank_max': 158, 'full': True}, '230': {'calls': 8, 'rank_min': 230, 'rank_max': 230, 'full': True}} RuntimeError: small-closure nested VEGAS diagnostics failed: absolute 
  ok  j=0.0     rc=1e-12   cons=1e-3     118.8s  G1=False worst=0.00023652914500756986 svd={'158': {'calls': 12, 'rank_min': 158, 'rank_max': 158, 'full': True}, '230': {'calls': 9, 'rank_min': 230, 'rank_max': 230, 'full': True}, '12': {'calls': 1, 'rank_min': 12, 'rank_max': 12, 'full': True}} 
fail  j=1e-10   rc=1e-12   cons=1e-3     119.2s  G1=None worst=None svd={'158': {'calls': 12, 'rank_min': 158, 'rank_max': 158, 'full': True}, '230': {'calls': 8, 'rank_min': 230, 'rank_max': 230, 'full': True}} RuntimeError: small-closure nested VEGAS diagnostics failed: absolute 
fail  j=1e-6    rc=1e-12   cons=1e-3     119.8s  G1=None worst=None svd={'158': {'calls': 12, 'rank_min': 158, 'rank_max': 158, 'full': True}, '230': {'calls': 8, 'rank_min': 230, 'rank_max': 230, 'full': True}} RuntimeError: small-closure nested VEGAS diagnostics failed: absolute 
  ok  j=0.0     rc=1e-10   cons=1e-3     120.0s  G1=False worst=0.00023652914500756986 svd={'158': {'calls': 12, 'rank_min': 158, 'rank_max': 158, 'full': True}, '230': {'calls': 9, 'rank_min': 230, 'rank_max': 230, 'full': True}, '12': {'calls': 1, 'rank_min': 12, 'rank_max': 12, 'full': True}} 
  ok  j=1e-10   rc=1e-10   cons=1e-3     120.0s  G1=False worst=0.00023652914500756986 svd={'158': {'calls': 12, 'rank_min': 158, 'rank_max': 158, 'full': True}, '230': {'calls': 9, 'rank_min': 230, 'rank_max': 230, 'full': True}, '12': {'calls': 1, 'rank_min': 12, 'rank_max': 12, 'full': True}} 
  ok  j=1e-6    rc=1e-10   cons=1e-3     119.6s  G1=False worst=0.00023652914500756986 svd={'158': {'calls': 12, 'rank_min': 158, 'rank_max': 158, 'full': True}, '230': {'calls': 9, 'rank_min': 230, 'rank_max': 230, 'full': True}, '12': {'calls': 1, 'rank_min': 12, 'rank_max': 12, 'full': True}} 
  ok  j=0.0     rc=1e-8    cons=1e-3     105.6s  G1=False worst=0.0002545749266114658 svd={'158': {'calls': 12, 'rank_min': 151, 'rank_max': 158, 'full': False}, '230': {'calls': 13, 'rank_min': 211, 'rank_max': 230, 'full': False}, '12': {'calls': 1, 'rank_min': 12, 'rank_max': 12, 'full': True}} 
  ok  j=1e-10   rc=1e-8    cons=1e-3     105.6s  G1=False worst=0.0002545749266114658 svd={'158': {'calls': 12, 'rank_min': 151, 'rank_max': 158, 'full': False}, '230': {'calls': 13, 'rank_min': 211, 'rank_max': 230, 'full': False}, '12': {'calls': 1, 'rank_min': 12, 'rank_max': 12, 'full': True}} 
  ok  j=1e-6    rc=1e-8    cons=1e-3     106.2s  G1=False worst=0.0002545749266114658 svd={'158': {'calls': 12, 'rank_min': 151, 'rank_max': 158, 'full': False}, '230': {'calls': 13, 'rank_min': 211, 'rank_max': 230, 'full': False}, '12': {'calls': 1, 'rank_min': 12, 'rank_max': 12, 'full': True}} 
SERIAL GRID DONE 17:37:00
