== kernels  Q=2.0 (truthQ_2)  mode=lattice ==
   kernels ready: fields=9 datasets=32 data=86 in 0.47s
== kernels  Q=2.0 (truthQ_2)  mode=dis ==
   kernels ready: fields=9 datasets=23 data=158 in 0.40s
== kernels  Q=2.0 (truthQ_2)  mode=dy ==
   kernels ready: fields=9 datasets=16 data=26 in 1.30s
== kernels  Q=2.0 (truthQ_2)  mode=exp ==
   kernels ready: fields=9 datasets=25 data=170 in 1.42s
== kernels  Q=2.0 (truthQ_2)  mode=both ==
   kernels ready: fields=9 datasets=43 data=242 in 1.43s
== kernels  Q=2.0 (truthQ_2)  mode=synthetic_z_plumbing ==
   kernels ready: fields=9 datasets=15 data=15 in 0.24s
== kernels  Q=3.0 (truthQ_3)  mode=lattice ==
   kernels ready: fields=9 datasets=32 data=86 in 0.12s
== kernels  Q=3.0 (truthQ_3)  mode=dis ==
   kernels ready: fields=9 datasets=23 data=158 in 0.26s
== kernels  Q=3.0 (truthQ_3)  mode=dy ==
   kernels ready: fields=9 datasets=16 data=26 in 1.14s
== kernels  Q=3.0 (truthQ_3)  mode=exp ==
   kernels ready: fields=9 datasets=25 data=170 in 1.32s
== kernels  Q=3.0 (truthQ_3)  mode=both ==
   kernels ready: fields=9 datasets=43 data=242 in 1.35s
== kernels  Q=3.0 (truthQ_3)  mode=synthetic_z_plumbing ==
   kernels ready: fields=9 datasets=15 data=15 in 0.25s

Done. 12 kernel case(s) in 9.69s. No fits were run.
