fail  j=0.0     rcond=1e-16      23.4s  G1=None worst=None svd={'158': {'calls': 10, 'rank_min': 158, 'rank_max': 158, 'full': True}, '230': {'calls': 2, 'rank_min': 230, 'rank_max': 230, 'full': True}} RuntimeError: H-S saddle search did not converge
fail  j=0.0     rcond=1e-18      23.4s  G1=None worst=None svd={'158': {'calls': 10, 'rank_min': 158, 'rank_max': 158, 'full': True}, '230': {'calls': 2, 'rank_min': 230, 'rank_max': 230, 'full': True}} RuntimeError: H-S saddle search did not converge
fail  j=0.0     rcond=1e-12      23.5s  G1=None worst=None svd={'158': {'calls': 10, 'rank_min': 158, 'rank_max': 158, 'full': True}, '230': {'calls': 2, 'rank_min': 230, 'rank_max': 230, 'full': True}} RuntimeError: H-S saddle search did not converge
fail  j=0.0     rcond=1e-14      23.6s  G1=None worst=None svd={'158': {'calls': 10, 'rank_min': 158, 'rank_max': 158, 'full': True}, '230': {'calls': 2, 'rank_min': 230, 'rank_max': 230, 'full': True}} RuntimeError: H-S saddle search did not converge
fail  j=0.0     rcond=1e-10      26.9s  G1=None worst=None svd={'158': {'calls': 10, 'rank_min': 158, 'rank_max': 158, 'full': True}, '230': {'calls': 2, 'rank_min': 230, 'rank_max': 230, 'full': True}} RuntimeError: H-S saddle search did not converge
fail  j=0.0     rcond=1e-8       32.2s  G1=None worst=None svd={'158': {'calls': 10, 'rank_min': 158, 'rank_max': 158, 'full': True}, '230': {'calls': 2, 'rank_min': 228, 'rank_max': 228, 'full': False}} RuntimeError: H-S saddle search did not converge
fail  j=1e-14   rcond=1e-18      67.6s  G1=None worst=None svd={'158': {'calls': 10, 'rank_min': 158, 'rank_max': 158, 'full': True}, '230': {'calls': 2, 'rank_min': 230, 'rank_max': 230, 'full': True}} RuntimeError: H-S saddle search did not converge
fail  j=1e-14   rcond=1e-16      66.9s  G1=None worst=None svd={'158': {'calls': 10, 'rank_min': 158, 'rank_max': 158, 'full': True}, '230': {'calls': 2, 'rank_min': 230, 'rank_max': 230, 'full': True}} RuntimeError: H-S saddle search did not converge
fail  j=1e-14   rcond=1e-14      67.8s  G1=None worst=None svd={'158': {'calls': 10, 'rank_min': 158, 'rank_max': 158, 'full': True}, '230': {'calls': 2, 'rank_min': 230, 'rank_max': 230, 'full': True}} RuntimeError: H-S saddle search did not converge
fail  j=1e-14   rcond=1e-12      67.0s  G1=None worst=None svd={'158': {'calls': 10, 'rank_min': 158, 'rank_max': 158, 'full': True}, '230': {'calls': 2, 'rank_min': 230, 'rank_max': 230, 'full': True}} RuntimeError: H-S saddle search did not converge
fail  j=1e-14   rcond=1e-10      51.6s  G1=None worst=None svd={'158': {'calls': 10, 'rank_min': 158, 'rank_max': 158, 'full': True}, '230': {'calls': 2, 'rank_min': 230, 'rank_max': 230, 'full': True}} RuntimeError: H-S saddle search did not converge
fail  j=1e-14   rcond=1e-8       64.3s  G1=None worst=None svd={'158': {'calls': 10, 'rank_min': 158, 'rank_max': 158, 'full': True}, '230': {'calls': 2, 'rank_min': 228, 'rank_max': 228, 'full': False}} RuntimeError: H-S saddle search did not converge
fail  j=1e-12   rcond=1e-18      21.9s  G1=None worst=None svd={'158': {'calls': 10, 'rank_min': 158, 'rank_max': 158, 'full': True}, '230': {'calls': 2, 'rank_min': 230, 'rank_max': 230, 'full': True}} RuntimeError: H-S saddle search did not converge
fail  j=1e-12   rcond=1e-16      23.1s  G1=None worst=None svd={'158': {'calls': 10, 'rank_min': 158, 'rank_max': 158, 'full': True}, '230': {'calls': 2, 'rank_min': 230, 'rank_max': 230, 'full': True}} RuntimeError: H-S saddle search did not converge
fail  j=1e-12   rcond=1e-14      22.2s  G1=None worst=None svd={'158': {'calls': 10, 'rank_min': 158, 'rank_max': 158, 'full': True}, '230': {'calls': 2, 'rank_min': 230, 'rank_max': 230, 'full': True}} RuntimeError: H-S saddle search did not converge
fail  j=1e-12   rcond=1e-12      23.1s  G1=None worst=None svd={'158': {'calls': 10, 'rank_min': 158, 'rank_max': 158, 'full': True}, '230': {'calls': 2, 'rank_min': 230, 'rank_max': 230, 'full': True}} RuntimeError: H-S saddle search did not converge
fail  j=1e-12   rcond=1e-8       29.9s  G1=None worst=None svd={'158': {'calls': 10, 'rank_min': 158, 'rank_max': 158, 'full': True}, '230': {'calls': 2, 'rank_min': 228, 'rank_max': 228, 'full': False}} RuntimeError: H-S saddle search did not converge
fail  j=1e-12   rcond=1e-10      58.8s  G1=None worst=None svd={'158': {'calls': 10, 'rank_min': 158, 'rank_max': 158, 'full': True}, '230': {'calls': 2, 'rank_min': 230, 'rank_max': 230, 'full': True}} RuntimeError: H-S saddle search did not converge
fail  j=1e-10   rcond=1e-18      89.0s  G1=None worst=None svd={'158': {'calls': 10, 'rank_min': 158, 'rank_max': 158, 'full': True}, '230': {'calls': 2, 'rank_min': 230, 'rank_max': 230, 'full': True}} RuntimeError: H-S saddle search did not converge
fail  j=1e-10   rcond=1e-16      88.1s  G1=None worst=None svd={'158': {'calls': 10, 'rank_min': 158, 'rank_max': 158, 'full': True}, '230': {'calls': 2, 'rank_min': 230, 'rank_max': 230, 'full': True}} RuntimeError: H-S saddle search did not converge
fail  j=1e-10   rcond=1e-14      87.4s  G1=None worst=None svd={'158': {'calls': 10, 'rank_min': 158, 'rank_max': 158, 'full': True}, '230': {'calls': 2, 'rank_min': 230, 'rank_max': 230, 'full': True}} RuntimeError: H-S saddle search did not converge
fail  j=1e-10   rcond=1e-12      86.6s  G1=None worst=None svd={'158': {'calls': 10, 'rank_min': 158, 'rank_max': 158, 'full': True}, '230': {'calls': 2, 'rank_min': 230, 'rank_max': 230, 'full': True}} RuntimeError: H-S saddle search did not converge
fail  j=1e-10   rcond=1e-10      78.2s  G1=None worst=None svd={'158': {'calls': 10, 'rank_min': 158, 'rank_max': 158, 'full': True}, '230': {'calls': 2, 'rank_min': 230, 'rank_max': 230, 'full': True}} RuntimeError: H-S saddle search did not converge
fail  j=1e-10   rcond=1e-8       78.7s  G1=None worst=None svd={'158': {'calls': 10, 'rank_min': 158, 'rank_max': 158, 'full': True}, '230': {'calls': 2, 'rank_min': 228, 'rank_max': 228, 'full': False}} RuntimeError: H-S saddle search did not converge
fail  j=1e-8    rcond=1e-18      87.3s  G1=None worst=None svd={'158': {'calls': 10, 'rank_min': 158, 'rank_max': 158, 'full': True}, '230': {'calls': 2, 'rank_min': 230, 'rank_max': 230, 'full': True}} RuntimeError: H-S saddle search did not converge
fail  j=1e-8    rcond=1e-16      86.0s  G1=None worst=None svd={'158': {'calls': 10, 'rank_min': 158, 'rank_max': 158, 'full': True}, '230': {'calls': 2, 'rank_min': 230, 'rank_max': 230, 'full': True}} RuntimeError: H-S saddle search did not converge
fail  j=1e-8    rcond=1e-14      87.4s  G1=None worst=None svd={'158': {'calls': 10, 'rank_min': 158, 'rank_max': 158, 'full': True}, '230': {'calls': 2, 'rank_min': 230, 'rank_max': 230, 'full': True}} RuntimeError: H-S saddle search did not converge
fail  j=1e-8    rcond=1e-12      86.3s  G1=None worst=None svd={'158': {'calls': 10, 'rank_min': 158, 'rank_max': 158, 'full': True}, '230': {'calls': 2, 'rank_min': 230, 'rank_max': 230, 'full': True}} RuntimeError: H-S saddle search did not converge
fail  j=1e-8    rcond=1e-10     186.0s  G1=None worst=None svd={'158': {'calls': 10, 'rank_min': 158, 'rank_max': 158, 'full': True}, '230': {'calls': 38, 'rank_min': 230, 'rank_max': 230, 'full': True}} RuntimeError: small-closure nested VEGAS diagnostics failed: absolute 
fail  j=1e-8    rcond=1e-8      181.2s  G1=None worst=None svd={'158': {'calls': 10, 'rank_min': 158, 'rank_max': 158, 'full': True}, '230': {'calls': 54, 'rank_min': 228, 'rank_max': 228, 'full': False}} RuntimeError: small-closure nested VEGAS diagnostics failed: absolute 
fail  j=1e-6    rcond=1e-18     177.3s  G1=None worst=None svd={'158': {'calls': 10, 'rank_min': 158, 'rank_max': 158, 'full': True}, '230': {'calls': 50, 'rank_min': 230, 'rank_max': 230, 'full': True}} RuntimeError: small-closure nested VEGAS diagnostics failed: absolute 
fail  j=1e-6    rcond=1e-16     177.9s  G1=None worst=None svd={'158': {'calls': 10, 'rank_min': 158, 'rank_max': 158, 'full': True}, '230': {'calls': 50, 'rank_min': 230, 'rank_max': 230, 'full': True}} RuntimeError: small-closure nested VEGAS diagnostics failed: absolute 
fail  j=1e-6    rcond=1e-14     174.3s  G1=None worst=None svd={'158': {'calls': 10, 'rank_min': 158, 'rank_max': 158, 'full': True}, '230': {'calls': 50, 'rank_min': 230, 'rank_max': 230, 'full': True}} RuntimeError: small-closure nested VEGAS diagnostics failed: absolute 
fail  j=1e-6    rcond=1e-12     174.3s  G1=None worst=None svd={'158': {'calls': 10, 'rank_min': 158, 'rank_max': 158, 'full': True}, '230': {'calls': 50, 'rank_min': 230, 'rank_max': 230, 'full': True}} RuntimeError: small-closure nested VEGAS diagnostics failed: absolute 
fail  j=1e-6    rcond=1e-10     178.6s  G1=None worst=None svd={'158': {'calls': 10, 'rank_min': 158, 'rank_max': 158, 'full': True}, '230': {'calls': 14, 'rank_min': 230, 'rank_max': 230, 'full': True}} RuntimeError: small-closure nested VEGAS diagnostics failed: absolute 
fail  j=1e-6    rcond=1e-8      181.0s  G1=None worst=None svd={'158': {'calls': 10, 'rank_min': 158, 'rank_max': 158, 'full': True}, '230': {'calls': 38, 'rank_min': 228, 'rank_max': 228, 'full': False}} RuntimeError: small-closure nested VEGAS diagnostics failed: absolute 
  ok  j=1e-10   rcond=1e-16     169.4s  G1=True worst=1.780379889828904e-05 svd={'158': {'calls': 12, 'rank_min': 158, 'rank_max': 158, 'full': True}, '230': {'calls': 31, 'rank_min': 230, 'rank_max': 230, 'full': True}, '12': {'calls': 1, 'rank_min': 12, 'rank_max': 12, 'full': True}} 
  ok  j=0.0     rcond=1e-18     169.3s  G1=True worst=1.780379889828904e-05 svd={'158': {'calls': 12, 'rank_min': 158, 'rank_max': 158, 'full': True}, '230': {'calls': 31, 'rank_min': 230, 'rank_max': 230, 'full': True}, '12': {'calls': 1, 'rank_min': 12, 'rank_max': 12, 'full': True}} 
  ok  j=0.0     rcond=1e-8      148.2s  G1=False worst=0.00011891812222989078 svd={'158': {'calls': 12, 'rank_min': 151, 'rank_max': 158, 'full': False}, '230': {'calls': 31, 'rank_min': 211, 'rank_max': 230, 'full': False}, '12': {'calls': 1, 'rank_min': 12, 'rank_max': 12, 'full': True}} 
  ok  j=1e-6    rcond=1e-18     182.1s  G1=True worst=1.780379889828904e-05 svd={'158': {'calls': 12, 'rank_min': 158, 'rank_max': 158, 'full': True}, '230': {'calls': 31, 'rank_min': 230, 'rank_max': 230, 'full': True}, '12': {'calls': 1, 'rank_min': 12, 'rank_max': 12, 'full': True}} 
  ok  j=1e-6    rcond=1e-8      135.6s  G1=False worst=0.00011891812222989078 svd={'158': {'calls': 12, 'rank_min': 151, 'rank_max': 158, 'full': False}, '230': {'calls': 31, 'rank_min': 211, 'rank_max': 230, 'full': False}, '12': {'calls': 1, 'rank_min': 12, 'rank_max': 12, 'full': True}} 
SCAN Q=2 DONE 15:55:03
